1 1 10
0 
1 1 8
2 2 8 2 10
0 
0 
0 
0 
0 
0 
0 
0 
0 
0 
0 
0 
0 
0 
